data/data_2_NIPYO.csv
NameID,year,Sales,price,FuelEfficiency,HH,size,hppw,share,share0,hppw_own_sum,FuelEfficiency_own_sum,size_own_sum,iv_BLP_own_hppw,iv_BLP_own_FuelEfficiency,iv_BLP_own_size,iv_BLP_other_hppw,iv_BLP_other_FuelEfficiency,iv_BLP_other_size,iv_GH_own_hppw,iv_GH_own_FuelEfficiency,iv_GH_own_size,iv_GH_other_hppw,iv_GH_other_FuelEfficiency,iv_GH_other_size,logit_share
179,2006,8973,2.104888888888889,11.6,51102005,13.4683005,0.0935483870967742,0.0001755899792972898,0.9152275336359111,1.1880203100901565,261.4,140.11163249999998,1.0944719229933824,249.79999999999998,126.64333199999999,15.13628771724428,2153.0,1723.2112252499999,0.005769272811130294,628.4400000000005,292.50130301597255,0.15998494532352003,4471.000000000007,1455.6202404985088,-8.558776369917044
179,2007,6810,2.104888888888889,11.6,51713048,13.4683005,0.0935483870967742,0.00013168823465984833,0.9201741889203668,1.2738977915175103,278.1,154.7671665,1.180349404420736,266.5,141.298866,15.092143665934733,2139.3,1717.502754625,0.005834582300719621,681.0500000000002,292.3572859744095,0.1613824198530649,4200.589999999989,1443.1262107552539,-8.851880996525301
179,2008,6220,2.0750020283975665,10.6,52324877,13.560338999999999,0.10246913580246914,0.00011887271134913514,0.9235641012591391,1.332610970015635,297.3,162.484021375,1.2301418342131658,286.7,148.923682375,15.041169519048344,2151.2999999999997,1709.787347125,0.013085099017859925,977.4500000000007,334.6619061817646,0.19951545136501414,5088.590000000004,1504.669287024204,-8.957942219333134
179,2009,3121,2.104888888888889,10.6,52877802,13.560338999999999,0.10246913580246914,5.902287693425684e-05,0.9291896626111653,1.3668217896478696,289.8,166.0673695,1.2643526538454004,279.2,152.5070305,15.330271598156841,2161.3999999999996,1746.120281,0.013493652229741415,888.1600000000008,314.2974688428685,0.2023921213948192,5250.140000000007,1401.0249144621193,-9.664143041374103
179,2010,1861,2.120157512953368,10.6,53362801,13.560338999999999,0.10246913580246914,3.487448119524311e-05,0.9249569564386247,1.3814151283646303,291.4,166.514134375,1.2789459925621611,280.79999999999995,152.953795375,15.76221643201324,2278.2,1785.7115210000002,0.012365637014591813,932.6400000000012,310.12154097648727,0.20545419760464023,5885.419999999998,1467.599868894511,-10.185747117923158
179,2011,1429,2.1245607476635517,10.6,53783435,13.560338999999999,0.10246913580246914,2.6569519034996558e-05,0.9389811007794501,1.2553489253689183,259.0,152.375882875,1.152879789566449,248.4,138.815543875,14.766608801761839,2254.9,1692.37414649,0.009684501733234457,876.3200000000006,234.6542928018639,0.20674626244472005,6875.489999999998,1363.3955541857358,-10.472785973221203
179,2012,1443,2.279423076923077,10.6,54171475,13.192185,0.10246913580246914,2.6637635397596245e-05,0.9197618488328037,1.1640566237104693,248.0,142.358698375,1.061587487908,237.4,129.166513375,15.331048059392245,2461.1,1782.18522475,0.009558915075600805,1047.2800000000007,186.8056781732489,0.21134529012729386,9041.57,1297.8183912786262,-10.449544975169681
179,2013,1588,2.26998447204969,10.6,54594744,13.192185,0.10246913580246914,2.9087049112273518e-05,0.9195631909181587,1.2256286414618782,285.8,151.04692775,1.123159505659409,275.2,137.85474275,14.624674163142775,2529.1,1740.125924375,0.011311179099129348,1665.2000000000007,207.09129444521704,0.19052506510326106,11224.669999999998,1241.6818223843948,-10.361361016369184
179,2014,1421,2.3061592741935484,9.6,55952365,13.192185,0.10246913580246914,2.5396602985414467e-05,0.9188134228106355,1.2353312576862336,286.6,150.696394,1.1328621218837645,277.0,137.504209,15.219450195424095,2638.0,1791.6603675,0.010554386013546052,1942.2000000000007,210.3717452652363,0.21974378624918334,14826.040000000008,1206.4327712058584,-10.496222934408546
179,2015,1034,2.1258720000000007,18.2,56412140,11.931106250000001,0.10263157894736842,1.8329387965072767e-05,0.9279170405519096,1.160070856282717,289.0,139.063396,1.0574392773353485,270.8,127.13228975000001,15.116253936294603,2730.4,1785.61443425,0.010036140467228893,675.159999999998,112.51371193722525,0.2200707181245205,6424.659999999989,989.4392852824749,-10.832191940315301
179,2016,544,2.128,18.2,56950757,11.931106250000001,0.10263157894736842,9.55211183584443e-06,0.9300480413280547,1.1738523688877587,302.0,137.52150925,1.0712207899403903,283.8,125.59040300000001,15.53896768469546,2874.1,1836.87839175,0.009968238631572063,794.0,116.7189702118194,0.24488243961344702,7161.570000000007,974.638989281957,-11.486229256447865
208,2006,143176,1.5324166666666668,18.2,51102005,10.913427,0.09734513274336283,0.002801768736862673,0.9152275336359111,4.587959748102073,630.9,546.961630875,4.4906146153587105,612.6999999999999,536.048203875,11.736348279232363,1783.5,1316.3612268749998,0.02761425139708029,1736.3500000000022,324.63025234791894,0.13376920903334089,3945.2100000000064,666.3818103807971,-5.788921795517858
208,2007,147069,1.5324166666666668,18.2,51713048,10.913427,0.09734513274336283,0.0028439437567091383,0.9201741889203668,4.479565362622365,642.0,547.716383,4.382220229879002,623.8,536.802956,11.886476094829879,1775.4,1324.5535381250002,0.022163722133829444,1622.260000000002,330.6192898970676,0.14036561987749163,3801.899999999994,693.4719562860519,-5.779371252280855
208,2008,144051,1.4589858012170387,18.2,52324877,10.913427,0.09734513274336283,0.0027530117270987563,0.9235641012591391,3.8422221298968133,581.0,493.45984625,3.7448769971534506,562.8,482.54641925,12.531558359167166,1867.6,1378.81152225,0.016768678624607736,1247.920000000002,354.11025278448506,0.19469540204694535,3714.5999999999913,708.0117352519519,-5.815544722543765
208,2009,90178,1.48,18.6,52877802,10.913427,0.09734513274336283,0.001705403715532654,0.9291896626111653,3.8923568879462977,590.5,494.072033125,3.795011755202935,571.9,483.158606125,12.804736499858413,1860.6999999999998,1418.115617375,0.020458554823065578,1409.1699999999983,355.99977472843966,0.19658021273128456,4287.530000000013,728.6432701387712,-6.300511009782229
208,2010,111265,1.4907357512953368,20.0,53362801,10.913427,0.09734513274336283,0.0020850667115468696,0.9249569564386247,4.159039492725831,626.4,522.427949875,4.061694359982468,606.4,511.51452287499995,12.984592067652038,1943.1999999999998,1429.7977055000001,0.022507744085479953,1965.1200000000026,385.81342435241095,0.19694581469495898,5443.259999999995,714.0631785578516,-6.094946352165193
208,2011,70758,1.4938317757009347,20.0,53783435,10.913427,0.09734513274336283,0.0013156095366538042,0.9389811007794501,3.948123963511089,614.8,492.682771125,3.850778830767726,594.8,481.769344125,12.07383376361967,1899.1000000000001,1352.06725824,0.022287972297807324,1730.5,349.48540834366395,0.19452008496841744,4782.389999999999,649.561632402354,-6.570495267833047
208,2012,80459,1.448653846153846,20.6,54171475,10.789692,0.09047619047619047,0.0014852650772385282,0.9197618488328037,4.236547612120974,688.6,520.2051025000001,4.146071421644784,668.0,509.41541050000006,12.25855707098174,2020.5,1404.338820625,0.032004616285949194,2381.1399999999994,379.53630447114665,0.19811424706183267,5629.709999999992,730.5736715481435,-6.428521517052927
208,2013,101664,1.4426552795031058,20.6,54594744,10.789692,0.09047619047619047,0.0018621572801953243,0.9195631909181587,4.082125542689419,681.4,508.54062375,3.9916493522132286,660.8,497.75093175,11.768177261915234,2133.5,1382.632228375,0.024895195002593407,2354.300000000003,378.005624679241,0.17763150824152873,5405.569999999992,708.7547446158678,-6.202163121107024
208,2014,114331,1.445126008064516,20.6,55952365,10.789692,0.09047619047619047,0.002043363135767362,0.9188134228106355,3.9332535253998997,672.3,499.675736625,3.842777334923709,651.6999999999999,488.886044625,12.521527927710428,2252.3,1442.6810248749998,0.01951140574779653,2378.410000000007,388.3550038157009,0.21903423607446504,5526.029999999999,739.5258582349561,-6.1084860333971935
208,2015,109027,1.4835150000000001,20.6,56412140,10.88868,0.09047619047619047,0.0019326868294661397,0.9279170405519096,3.636998610239098,643.4,465.63212075,3.5465224197629075,622.8,454.74344075,12.639326182338221,2376.0,1459.0457095,0.01887698879368538,2188.7000000000044,374.2863649371957,0.21961547883765542,5782.799999999988,815.3252243195966,-6.174031158424546
208,2016,84770,1.485,20.6,56950757,10.88868,0.09047619047619047,0.0014884788976553902,0.9300480413280547,3.8423846746569024,721.0,499.764263875,3.7519084841807118,700.4,488.87558387499996,12.870435378926317,2455.1,1474.635637125,0.020355024286901835,2556.5800000000054,379.19991413374373,0.24410360210783422,5890.990000000005,808.3280440798917,-6.4374815177013565
214,2006,452,11.439166666666667,7.8,51102005,14.691442499999999,0.13658536585365855,8.845054122631784e-06,0.9152275336359111,4.587959748102073,630.9,546.961630875,4.451374382248415,623.1,532.270188375,11.736348279232363,1783.5,1316.3612268749998,0.07144647241313451,2961.4699999999975,448.13734289086096,0.32341308723508266,8323.610000000008,2424.9224283390067,-11.547069537382871
214,2007,351,11.439166666666667,7.8,51713048,14.691442499999999,0.13658536585365855,6.787455266608923e-06,0.9201741889203668,4.479565362622365,642.0,547.716383,4.342979996768706,634.2,533.0249405,11.886476094829879,1775.4,1324.5535381250002,0.07450278505802554,3078.2599999999984,448.4234499861941,0.3182273971184624,8011.819999999996,2390.111216477613,-11.817242172202992
214,2008,270,11.595897565922924,7.8,52324877,14.691442499999999,0.13658536585365855,5.160069463708439e-06,0.9235641012591391,3.8422221298968133,581.0,493.45984625,3.7056367640431547,573.2,478.76840375,12.531558359167166,1867.6,1378.81152225,0.07322929911287024,2787.120000000001,398.20051727686223,0.3678282589148645,8490.279999999999,2478.3539546298925,-12.095045446067983
214,2009,156,11.762916666666667,7.8,52877802,14.691442499999999,0.13658536585365855,2.950198270344142e-06,0.9291896626111653,3.8923568879462977,590.5,494.072033125,3.755771522092639,582.7,479.380590625,12.804736499858413,1860.6999999999998,1418.115617375,0.07298457612574771,3044.289999999999,395.4643362155239,0.3574534090530346,8268.410000000003,2298.738122171737,-12.660195776395346
214,2010,163,12.505616580310882,7.6,53362801,14.691442499999999,0.13526570048309178,3.0545622970578323e-06,0.9249569564386247,4.159039492725831,626.4,522.427949875,4.023773792242739,618.8,507.736507375,12.984592067652038,1943.1999999999998,1429.7977055000001,0.06873159564594555,3468.000000000002,404.49098753603175,0.35005440527492127,9485.66,2389.3589982665508,-12.620866173758648
214,2011,208,12.53158878504673,7.6,53783435,14.691442499999999,0.13526570048309178,3.867361762966608e-06,0.9389811007794501,3.948123963511089,614.8,492.682771125,3.812858263027997,607.1999999999999,477.991328625,12.07383376361967,1899.1000000000001,1352.06725824,0.06686642736745263,3630.1800000000003,399.447276569872,0.34613574060667185,10469.029999999999,2138.306370479644,-12.399978071449754
214,2012,189,12.544615384615385,7.6,54171475,14.691442499999999,0.13526570048309178,3.4889210603920237e-06,0.9197618488328037,4.236547612120974,688.6,520.2051025000001,4.101281911637883,681.0,505.5136600000001,12.25855707098174,2020.5,1404.338820625,0.07715531768243578,4887.540000000001,495.7984964968691,0.3638633033722174,12337.71,2199.4429399549117,-12.48227751888391
214,2013,171,12.606428571428573,7.6,54594744,14.691442499999999,0.13526570048309178,3.132169646220889e-06,0.9195631909181587,4.082125542689419,681.4,508.54062375,3.9468598422063272,673.8,493.84918125,11.768177261915234,2133.5,1382.632228375,0.07376800536316441,5040.1,485.8705590191221,0.3670865699144512,15784.770000000004,2148.1693688002197,-12.589928101673605
214,2014,172,12.626473790322581,7.6,55952365,14.691442499999999,0.13526570048309178,3.0740434296208925e-06,0.9188134228106355,3.9332535253998997,672.3,499.675736625,3.7979878249168078,664.6999999999999,484.984294125,12.521527927710428,2252.3,1442.6810248749998,0.07160915684054303,5194.210000000001,465.9760644244652,0.38144835811509914,17527.630000000005,2108.0337559865293,-12.607844585692193
214,2015,149,12.525462000000003,7.6,56412140,14.691442499999999,0.13526570048309178,2.641275441775476e-06,0.9279170405519096,3.636998610239098,643.4,465.63212075,3.501732909756006,635.8,450.94067825,12.639326182338221,2376.0,1459.0457095,0.06718035880851592,5352.900000000003,432.0894615410798,0.3815882173534928,20634.0,2169.7333198906126,-12.769435689438216
214,2016,90,12.538,7.6,56950757,14.691442499999999,0.13526570048309178,1.5803126199007328e-06,0.9300480413280547,3.8423846746569024,721.0,499.764263875,3.7071189741738104,713.4,485.072821375,12.870435378926317,2455.1,1474.635637125,0.0805927179789867,6638.580000000004,469.2355346620843,0.39548467396123055,22432.190000000002,2141.441685939186,-13.285368832973543
231,2006,27913,1.61875,16.4,51102005,11.3370075,0.0956140350877193,0.0005462212294801349,0.9152275336359111,4.587959748102073,630.9,546.961630875,4.492345713014354,614.5,535.6246233749999,11.736348279232363,1783.5,1316.3612268749998,0.028801292950371482,1267.2700000000004,275.9590976862237,0.13398496828618622,2829.9300000000003,691.6187877181437,-7.423903908105766
231,2007,33361,1.61875,16.4,51713048,11.3370075,0.0956140350877193,0.0006451176499981204,0.9201741889203668,4.479565362622365,642.0,547.716383,4.383951327534645,625.6,536.3793754999999,11.886476094829879,1775.4,1324.5535381250002,0.022975481153942767,1193.1399999999994,281.30873867040646,0.1411011509495932,2657.459999999999,711.7687270325368,-7.262885563626263
231,2008,28538,1.7021501014198785,18.0,52324877,11.413070625000003,0.09166666666666666,0.0005454002309455979,0.9235641012591391,3.8422221298968133,581.0,493.45984625,3.7505554632301465,563.0,482.046775625,12.531558359167166,1867.6,1378.81152225,0.018545948121347466,1197.9599999999991,296.0585161093459,0.2017800266365941,3549.4000000000087,735.7497789849585,-7.434475593575839
231,2009,14058,1.7266666666666668,18.6,52877802,11.413070625000003,0.09166666666666666,0.0002658582518237048,0.9291896626111653,3.8923568879462977,590.5,494.072033125,3.800690221279631,571.9,482.65896250000003,12.804736499858413,1860.6999999999998,1418.115617375,0.022805201365500016,1409.1699999999983,297.3362875144976,0.2056940058395087,4287.530000000013,728.2605249474836,-8.159104875909032
231,2010,24446,1.7495440414507772,20.0,53362801,11.413070625000003,0.09166666666666666,0.000458109385974698,0.9249569564386247,4.159039492725831,626.4,522.427949875,4.067372826059164,606.4,511.01487925,12.984592067652038,1943.1999999999998,1429.7977055000001,0.025736492694795277,1965.1200000000026,321.12481548194773,0.20595562110193466,5443.259999999995,724.3172560636922,-7.610394492228202
231,2011,14166,1.753177570093458,20.0,53783435,11.413070625000003,0.09166666666666666,0.0002633896477605047,0.9389811007794501,3.948123963511089,614.8,492.682771125,3.856457296844422,594.8,481.2697005,12.07383376361967,1899.1000000000001,1352.06725824,0.025267961733824396,1730.5,292.2101929332275,0.20177284783672045,4782.389999999999,648.2484171366377,-8.178916144837503
231,2012,12733,1.755,20.0,54171475,11.413070625000003,0.09166666666666666,0.00023504990403159595,0.9197618488328037,4.236547612120974,688.6,520.2051025000001,4.144880945454307,668.6,508.7920318750001,12.25855707098174,2020.5,1404.338820625,0.03102474101899455,2184.34,312.27738216998114,0.1960317982533728,5009.309999999998,709.7950200242121,-8.272072206370117
231,2013,10392,1.758074534161491,18.2,54594744,11.413070625000003,0.09083333333333334,0.00019034799393875717,0.9195631909181587,4.082125542689419,681.4,508.54062375,3.991292209356086,663.1999999999999,497.127553125,11.768177261915234,2133.5,1382.632228375,0.024634280499311823,1807.1000000000022,311.4487481907345,0.17719033570750797,4192.610000000001,687.3574890796663,-8.48280009982583
231,2014,9020,1.8499627016129032,19.2,55952365,11.413070625000003,0.09083333333333334,0.00016120855659988636,0.9188134228106355,3.9332535253998997,672.3,499.675736625,3.8424201920665664,653.0999999999999,488.262666,12.521527927710428,2252.3,1442.6810248749998,0.019292074998361053,2032.050000000003,319.00976198434364,0.21831396952746074,4756.029999999999,698.6252408540968,-8.648139449448978
231,2015,7361,1.835163,19.2,56412140,11.413070625000003,0.09083333333333334,0.00013048609749603544,0.9279170405519096,3.636998610239098,643.4,465.63212075,3.5461652769057648,624.1999999999999,454.219050125,12.639326182338221,2376.0,1459.0457095,0.018675008493854617,1928.5800000000054,318.6487984038595,0.21887582408156314,5303.440000000002,782.0435467542993,-8.86943092332497
231,2016,9701,1.8980000000000001,19.2,56950757,11.47557375,0.09083333333333334,0.000170340141396189,0.9300480413280547,3.8423846746569024,721.0,499.764263875,3.751551341323569,701.8,488.28869012499996,12.870435378926317,2455.1,1474.635637125,0.020200599859425794,2346.5800000000017,317.6004982221275,0.2432636227555398,5577.389999999999,770.6010228263185,-8.605194251342525
