data/data_2_NIPYO.csv
NameID,year,Sales,price,FuelEfficiency,HH,size,hppw,share,share0,hppw_own_sum,FuelEfficiency_own_sum,size_own_sum,iv_BLP_own_hppw,iv_BLP_own_FuelEfficiency,iv_BLP_own_size,iv_BLP_other_hppw,iv_BLP_other_FuelEfficiency,iv_BLP_other_size,iv_GH_own_hppw,iv_GH_own_FuelEfficiency,iv_GH_own_size,iv_GH_other_hppw,iv_GH_other_FuelEfficiency,iv_GH_other_size,logit_share
246,2006,74975,1.4244999999999999,18.4,51102005,10.994109,0.07767857142857143,0.0014671635682396414,0.9152275336359111,4.587959748102073,630.9,546.961630875,4.510281176673502,612.5,535.967521875,11.736348279232363,1783.5,1316.3612268749998,0.05662000076464169,1806.0699999999997,314.14226380369473,0.17890059155753035,4117.530000000013,667.841299533131,-6.435841713597893
246,2007,52885,1.4244999999999999,18.4,51713048,10.994109,0.07767857142857143,0.0010226625976484697,0.9201741889203668,4.479565362622365,642.0,547.716383,4.401886791193793,623.6,536.722274,11.886476094829879,1775.4,1324.5535381250002,0.04690598184495931,1687.5399999999972,320.0095115309432,0.19140199818269,3977.459999999992,693.6095013258418,-6.802153371906705
246,2008,51694,1.4468275862068969,18.4,52324877,10.994109,0.07767857142857143,0.0009879430772479407,0.9235641012591391,3.8422221298968133,581.0,493.45984625,3.764543558468242,562.6,482.46573725,12.531558359167166,1867.6,1378.81152225,0.033652810854004955,1301.0,343.417807116728,0.2538943081132947,3889.8800000000047,708.2317140391533,-6.8403704054632515
246,2009,45169,1.467666666666667,18.4,52877802,10.994109,0.07767857142857143,0.000854214779956247,0.9291896626111653,3.8923568879462977,590.5,494.072033125,3.8146783165177265,572.1,483.07792412500004,12.804736499858413,1860.6999999999998,1418.115617375,0.03931464363882742,1356.7700000000004,345.2085441377858,0.26308195369552445,4092.0099999999948,724.288526739776,-6.991885493828853
246,2010,46540,1.4959119170984456,18.4,53362801,10.732867125,0.0871559633027523,0.0008721431245709909,0.9249569564386247,4.159039492725831,626.4,522.427949875,4.071883529423078,608.0,511.69508275,12.984592067652038,1943.1999999999998,1429.7977055000001,0.03018563017534759,1450.5600000000013,414.2259363859321,0.21904146416658987,3735.7399999999907,726.2010396949918,-6.966548937709127
246,2011,59207,1.4938317757009347,18.4,53783435,10.732867125,0.0871559633027523,0.0011008408072113653,0.9389811007794501,3.948123963511089,614.8,492.682771125,3.8609680002083366,596.4,481.949904,12.07383376361967,1899.1000000000001,1352.06725824,0.029427576117209364,1301.7000000000044,374.97325318612275,0.2130952965183286,3425.2699999999895,664.8971111489518,-6.748721094025913
246,2012,43011,1.4953846153846155,18.4,54171475,10.732867125,0.0871559633027523,0.0007939787498863562,0.9197618488328037,4.236547612120974,688.6,520.2051025000001,4.149391648818222,670.2,509.4722353750001,12.25855707098174,2020.5,1404.338820625,0.035366494930772485,1807.3799999999974,387.2907815767503,0.20579424766861587,3794.9100000000035,737.2993359326902,-7.0548133580291745
246,2013,25688,1.5098757763975157,18.4,54594744,10.732867125,0.0871559633027523,0.00047052148463229356,0.9195631909181587,4.082125542689419,681.4,508.54062375,3.994969579386667,663.0,497.807756625,11.768177261915234,2133.5,1382.632228375,0.02782142004905952,1834.6599999999999,385.65745342298396,0.1832347223212829,4239.570000000007,715.4594936817666,-7.577812422406916
246,2014,22015,1.6263961693548388,20.0,55952365,10.732867125,0.0908256880733945,0.00039345968664595323,0.9188134228106355,3.9332535253998997,672.3,499.675736625,3.8424278373265053,652.3,488.94286950000003,12.521527927710428,2252.3,1442.6810248749998,0.01929666327201962,2210.7700000000004,396.22235708586595,0.2183290487333993,5135.070000000007,748.1630710830468,-7.755859744315792
246,2015,15293,1.613385,20.0,56412140,10.732867125,0.0908256880733945,0.00027109412973874063,0.9279170405519096,3.636998610239098,643.4,465.63212075,3.5461729221657037,623.4,454.89925362500003,12.639326182338221,2376.0,1459.0457095,0.018679233367160597,2059.459999999999,394.7394532687158,0.2188913156536172,5515.919999999998,838.7802641315575,-8.138231509035553
246,2016,7307,1.615,20.0,56950757,10.732867125,0.0908256880733945,0.0001283038257068295,0.9300480413280547,3.8423846746569024,721.0,499.764263875,3.751558986583508,701.0,489.03139675,12.870435378926317,2455.1,1474.635637125,0.02020379870111577,2447.380000000001,400.1827109072183,0.24328125927691868,5694.669999999998,833.2723913609443,-8.88859043151259
247,2006,25957,1.6403333333333334,14.6,51102005,11.44387725,0.09478260869565218,0.0005079448448255602,0.9152275336359111,4.587959748102073,630.9,546.961630875,4.493177139406421,616.3,535.517753625,11.736348279232363,1783.5,1316.3612268749998,0.029465159628488835,1083.3099999999977,266.17364033631384,0.1343463915509746,2498.7300000000105,704.8454796858641,-7.496555115478623
247,2007,15286,1.6403333333333334,14.6,51713048,11.44387725,0.09478260869565218,0.00029559270998684895,0.9201741889203668,4.479565362622365,642.0,547.716383,4.384782753926713,627.4,536.2725057499999,11.886476094829879,1775.4,1324.5535381250002,0.023459103926380842,1049.140000000003,271.3619609786747,0.14171221467052364,2297.0999999999985,723.2443984898382,-8.043335739866029
247,2008,12439,1.6818864097363087,15.4,52324877,11.47252275,0.0939655172413793,0.00023772631132988617,0.9235641012591391,3.8422221298968133,581.0,493.45984625,3.748256612655434,565.6,481.9873235,12.531558359167166,1867.6,1378.81152225,0.017523444472198446,832.4000000000051,290.44733234903106,0.19793298859999497,2319.0800000000017,743.2384709522048,-8.264875427856394
247,2009,8869,1.6403333333333334,14.6,52877802,11.44387725,0.09478260869565218,0.00016772633628001405,0.9291896626111653,3.8923568879462977,590.5,494.072033125,3.7975742792506457,575.9,482.628155875,12.804736499858413,1860.6999999999998,1418.115617375,0.021206124729212017,953.9700000000012,294.3565752709146,0.19967894451818946,2307.530000000006,730.3122814576236,-8.61973445426843
247,2010,6648,1.716416580310881,15.4,53362801,11.47252275,0.0939655172413793,0.00012458116656957345,0.9249569564386247,4.159039492725831,626.4,522.427949875,4.065073975484451,611.0,510.95542712499997,12.984592067652038,1943.1999999999998,1429.7977055000001,0.02411083879773368,1051.5600000000013,314.7903954022404,0.201305891421093,2314.3399999999965,729.8252656253317,-8.912545038030126
247,2011,6338,1.719981308411215,15.4,53783435,11.47252275,0.0939655172413793,0.00011784297525808829,0.9389811007794501,3.948123963511089,614.8,492.682771125,3.8541584462697096,599.4,481.210248375,12.07383376361967,1899.1000000000001,1352.06725824,0.023758553102540714,1035.9000000000015,286.6914067078469,0.19789658743587912,2550.469999999994,652.1141299676456,-8.983197610900206
247,2012,5765,1.7321538461538464,15.4,54171475,11.47252275,0.0939655172413793,0.00010642132229185194,0.9197618488328037,4.236547612120974,688.6,520.2051025000001,4.142582094879595,673.2,508.73257975000007,12.25855707098174,2020.5,1404.338820625,0.029469468604962357,1680.1800000000003,307.56786524829295,0.193013197900596,3242.909999999996,712.8878105656222,-9.064464101240393
247,2013,5327,1.7477329192546585,13.8,54594744,11.47252275,0.0939655172413793,9.757349535332559e-05,0.9195631909181587,4.082125542689419,681.4,508.54062375,3.98816002544804,667.6,497.068101,11.768177261915234,2133.5,1382.632228375,0.02279412805425718,2030.619999999999,306.7655902084243,0.17466549509134888,5649.009999999995,690.3100913765629,-9.151048151259266
247,2014,3915,1.7502641129032261,13.8,55952365,11.47252275,0.0939655172413793,6.997023271491741e-05,0.9188134228106355,3.9332535253998997,672.3,499.675736625,3.8392880081585203,658.5,488.203213875,12.521527927710428,2252.3,1442.6810248749998,0.017805687641136103,2164.8899999999994,314.02007959893854,0.2133851591902447,6449.470000000001,699.8801746718746,-9.482768454080743
247,2015,2687,1.7362620000000004,13.8,56412140,11.47252275,0.0939655172413793,4.7631591356044995e-05,0.9279170405519096,3.636998610239098,643.4,465.63212075,3.5430330929977187,629.6,454.159598,12.639326182338221,2376.0,1459.0457095,0.017307998934535496,2283.899999999998,313.62525515727066,0.2137879061352601,8154.639999999999,782.7132471782897,-9.877201386768185
247,2016,836,1.7380000000000002,13.8,56950757,11.47252275,0.0939655172413793,1.4679348335966808e-05,0.9300480413280547,3.8423846746569024,721.0,499.764263875,3.748419157415523,707.2,488.291741125,12.870435378926317,2455.1,1474.635637125,0.01928344840628049,3005.380000000001,317.8494740634342,0.23730677578212278,9104.669999999998,770.5673606116907,-11.056549890219106
